
> server@0.1.0 build /home/benfreed/vibestack/worktrees/issue-1/apps/server
> tsc --noEmit && wrangler deploy --outdir=dist

src/api/comments.ts(74,46): error TS2339: Property 'VALIDATION' does not exist on type 'typeof ServiceErrorType'.
src/api/comments.ts(162,46): error TS2339: Property 'VALIDATION' does not exist on type 'typeof ServiceErrorType'.
src/api/entity-dependencies.ts(4,10): error TS2305: Module '"../middleware/auth"' has no exported member 'requireAuth'.
src/api/entity-dependencies.ts(37,24): error TS2339: Property 'child' does not exist on type '{ debug: (message: string, data?: any, module?: string | undefined) => void; info: (message: string, data?: any, module?: string | undefined) => void; warn: (message: string, data?: any, module?: string | undefined) => void; error: (message: string, errorOrData?: any, additionalData?: any, module?: string | undefine...'.
src/api/entity-dependencies.ts(45,31): error TS2769: No overload matches this call.
  Overload 1 of 2, '(key: "user" | "session"): { id: string; name: string; email: string; emailVerified: boolean; createdAt: Date; updatedAt: Date; image?: string | null | undefined; banned: boolean | ... 1 more ... | undefined; role?: string | ... 1 more ... | undefined; banReason?: string | ... 1 more ... | undefined; banExpires?: Date | ... 1 more ... | undefined; } | { ...; } | null', gave the following error.
    Argument of type '"repositoryContainer"' is not assignable to parameter of type '"user" | "session"'.
  Overload 2 of 2, '(key: never): never', gave the following error.
    Argument of type 'string' is not assignable to parameter of type 'never'.
src/api/entity-dependencies.ts(47,34): error TS18047: 'container' is possibly 'null'.
src/api/entity-dependencies.ts(47,44): error TS2339: Property 'entityDependencies' does not exist on type '{ id: string; name: string; email: string; emailVerified: boolean; createdAt: Date; updatedAt: Date; image?: string | null | undefined; banned: boolean | null | undefined; role?: string | ... 1 more ... | undefined; banReason?: string | ... 1 more ... | undefined; banExpires?: Date | ... 1 more ... | undefined; } | ...'.
  Property 'entityDependencies' does not exist on type '{ id: string; name: string; email: string; emailVerified: boolean; createdAt: Date; updatedAt: Date; image?: string | null | undefined; banned: boolean | null | undefined; role?: string | ... 1 more ... | undefined; banReason?: string | ... 1 more ... | undefined; banExpires?: Date | ... 1 more ... | undefined; }'.
src/api/entity-dependencies.ts(58,17): error TS2693: 'ServiceError' only refers to a type, but is being used as a value here.
src/api/entity-dependencies.ts(58,77): error TS2339: Property 'DATABASE_ERROR' does not exist on type 'typeof ServiceErrorType'.
src/api/entity-dependencies.ts(64,24): error TS2339: Property 'child' does not exist on type '{ debug: (message: string, data?: any, module?: string | undefined) => void; info: (message: string, data?: any, module?: string | undefined) => void; warn: (message: string, data?: any, module?: string | undefined) => void; error: (message: string, errorOrData?: any, additionalData?: any, module?: string | undefine...'.
src/api/entity-dependencies.ts(72,31): error TS2769: No overload matches this call.
  Overload 1 of 2, '(key: "user" | "session"): { id: string; name: string; email: string; emailVerified: boolean; createdAt: Date; updatedAt: Date; image?: string | null | undefined; banned: boolean | ... 1 more ... | undefined; role?: string | ... 1 more ... | undefined; banReason?: string | ... 1 more ... | undefined; banExpires?: Date | ... 1 more ... | undefined; } | { ...; } | null', gave the following error.
    Argument of type '"repositoryContainer"' is not assignable to parameter of type '"user" | "session"'.
  Overload 2 of 2, '(key: never): never', gave the following error.
    Argument of type 'string' is not assignable to parameter of type 'never'.
src/api/entity-dependencies.ts(74,32): error TS18047: 'container' is possibly 'null'.
src/api/entity-dependencies.ts(74,42): error TS2339: Property 'entityDependencies' does not exist on type '{ id: string; name: string; email: string; emailVerified: boolean; createdAt: Date; updatedAt: Date; image?: string | null | undefined; banned: boolean | null | undefined; role?: string | ... 1 more ... | undefined; banReason?: string | ... 1 more ... | undefined; banExpires?: Date | ... 1 more ... | undefined; } | ...'.
  Property 'entityDependencies' does not exist on type '{ id: string; name: string; email: string; emailVerified: boolean; createdAt: Date; updatedAt: Date; image?: string | null | undefined; banned: boolean | null | undefined; role?: string | ... 1 more ... | undefined; banReason?: string | ... 1 more ... | undefined; banExpires?: Date | ... 1 more ... | undefined; }'.
src/api/entity-dependencies.ts(85,17): error TS2693: 'ServiceError' only refers to a type, but is being used as a value here.
src/api/entity-dependencies.ts(85,75): error TS2339: Property 'DATABASE_ERROR' does not exist on type 'typeof ServiceErrorType'.
src/api/entity-dependencies.ts(91,24): error TS2339: Property 'child' does not exist on type '{ debug: (message: string, data?: any, module?: string | undefined) => void; info: (message: string, data?: any, module?: string | undefined) => void; warn: (message: string, data?: any, module?: string | undefined) => void; error: (message: string, errorOrData?: any, additionalData?: any, module?: string | undefine...'.
src/api/entity-dependencies.ts(99,31): error TS2769: No overload matches this call.
  Overload 1 of 2, '(key: "user" | "session"): { id: string; name: string; email: string; emailVerified: boolean; createdAt: Date; updatedAt: Date; image?: string | null | undefined; banned: boolean | ... 1 more ... | undefined; role?: string | ... 1 more ... | undefined; banReason?: string | ... 1 more ... | undefined; banExpires?: Date | ... 1 more ... | undefined; } | { ...; } | null', gave the following error.
    Argument of type '"repositoryContainer"' is not assignable to parameter of type '"user" | "session"'.
  Overload 2 of 2, '(key: never): never', gave the following error.
    Argument of type 'string' is not assignable to parameter of type 'never'.
src/api/entity-dependencies.ts(101,34): error TS18047: 'container' is possibly 'null'.
src/api/entity-dependencies.ts(101,44): error TS2339: Property 'entityDependencies' does not exist on type '{ id: string; name: string; email: string; emailVerified: boolean; createdAt: Date; updatedAt: Date; image?: string | null | undefined; banned: boolean | null | undefined; role?: string | ... 1 more ... | undefined; banReason?: string | ... 1 more ... | undefined; banExpires?: Date | ... 1 more ... | undefined; } | ...'.
  Property 'entityDependencies' does not exist on type '{ id: string; name: string; email: string; emailVerified: boolean; createdAt: Date; updatedAt: Date; image?: string | null | undefined; banned: boolean | null | undefined; role?: string | ... 1 more ... | undefined; banReason?: string | ... 1 more ... | undefined; banExpires?: Date | ... 1 more ... | undefined; }'.
src/api/entity-dependencies.ts(111,17): error TS2693: 'ServiceError' only refers to a type, but is being used as a value here.
src/api/entity-dependencies.ts(111,90): error TS2339: Property 'DATABASE_ERROR' does not exist on type 'typeof ServiceErrorType'.
src/api/entity-dependencies.ts(117,24): error TS2339: Property 'child' does not exist on type '{ debug: (message: string, data?: any, module?: string | undefined) => void; info: (message: string, data?: any, module?: string | undefined) => void; warn: (message: string, data?: any, module?: string | undefined) => void; error: (message: string, errorOrData?: any, additionalData?: any, module?: string | undefine...'.
src/api/entity-dependencies.ts(128,31): error TS2769: No overload matches this call.
  Overload 1 of 2, '(key: "user" | "session"): { id: string; name: string; email: string; emailVerified: boolean; createdAt: Date; updatedAt: Date; image?: string | null | undefined; banned: boolean | ... 1 more ... | undefined; role?: string | ... 1 more ... | undefined; banReason?: string | ... 1 more ... | undefined; banExpires?: Date | ... 1 more ... | undefined; } | { ...; } | null', gave the following error.
    Argument of type '"repositoryContainer"' is not assignable to parameter of type '"user" | "session"'.
  Overload 2 of 2, '(key: never): never', gave the following error.
    Argument of type 'string' is not assignable to parameter of type 'never'.
src/api/entity-dependencies.ts(131,32): error TS18047: 'container' is possibly 'null'.
src/api/entity-dependencies.ts(131,42): error TS2339: Property 'entityDependencies' does not exist on type '{ id: string; name: string; email: string; emailVerified: boolean; createdAt: Date; updatedAt: Date; image?: string | null | undefined; banned: boolean | null | undefined; role?: string | ... 1 more ... | undefined; banReason?: string | ... 1 more ... | undefined; banExpires?: Date | ... 1 more ... | undefined; } | ...'.
  Property 'entityDependencies' does not exist on type '{ id: string; name: string; email: string; emailVerified: boolean; createdAt: Date; updatedAt: Date; image?: string | null | undefined; banned: boolean | null | undefined; role?: string | ... 1 more ... | undefined; banReason?: string | ... 1 more ... | undefined; banExpires?: Date | ... 1 more ... | undefined; }'.
src/api/entity-dependencies.ts(133,29): error TS2339: Property 'clientId' does not exist on type '{ type: DependencyType; entityType: string; predecessorId: string; successorId: string; metadata?: Record<string, any> | undefined; description?: string | undefined; lagTime?: string | undefined; lagDays?: number | undefined; }'.
src/api/entity-dependencies.ts(147,19): error TS2693: 'ServiceError' only refers to a type, but is being used as a value here.
src/api/entity-dependencies.ts(147,76): error TS2339: Property 'VALIDATION_ERROR' does not exist on type 'typeof ServiceErrorType'.
src/api/entity-dependencies.ts(152,19): error TS2693: 'ServiceError' only refers to a type, but is being used as a value here.
src/api/entity-dependencies.ts(152,84): error TS2339: Property 'VALIDATION_ERROR' does not exist on type 'typeof ServiceErrorType'.
src/api/entity-dependencies.ts(155,19): error TS2693: 'ServiceError' only refers to a type, but is being used as a value here.
src/api/entity-dependencies.ts(155,78): error TS2339: Property 'VALIDATION_ERROR' does not exist on type 'typeof ServiceErrorType'.
src/api/entity-dependencies.ts(158,19): error TS2693: 'ServiceError' only refers to a type, but is being used as a value here.
src/api/entity-dependencies.ts(158,83): error TS2339: Property 'VALIDATION_ERROR' does not exist on type 'typeof ServiceErrorType'.
src/api/entity-dependencies.ts(162,17): error TS2693: 'ServiceError' only refers to a type, but is being used as a value here.
src/api/entity-dependencies.ts(162,78): error TS2339: Property 'DATABASE_ERROR' does not exist on type 'typeof ServiceErrorType'.
src/api/entity-dependencies.ts(168,24): error TS2339: Property 'child' does not exist on type '{ debug: (message: string, data?: any, module?: string | undefined) => void; info: (message: string, data?: any, module?: string | undefined) => void; warn: (message: string, data?: any, module?: string | undefined) => void; error: (message: string, errorOrData?: any, additionalData?: any, module?: string | undefine...'.
src/api/entity-dependencies.ts(180,31): error TS2769: No overload matches this call.
  Overload 1 of 2, '(key: "user" | "session"): { id: string; name: string; email: string; emailVerified: boolean; createdAt: Date; updatedAt: Date; image?: string | null | undefined; banned: boolean | ... 1 more ... | undefined; role?: string | ... 1 more ... | undefined; banReason?: string | ... 1 more ... | undefined; banExpires?: Date | ... 1 more ... | undefined; } | { ...; } | null', gave the following error.
    Argument of type '"repositoryContainer"' is not assignable to parameter of type '"user" | "session"'.
  Overload 2 of 2, '(key: never): never', gave the following error.
    Argument of type 'string' is not assignable to parameter of type 'never'.
src/api/entity-dependencies.ts(183,32): error TS18047: 'container' is possibly 'null'.
src/api/entity-dependencies.ts(183,42): error TS2339: Property 'entityDependencies' does not exist on type '{ id: string; name: string; email: string; emailVerified: boolean; createdAt: Date; updatedAt: Date; image?: string | null | undefined; banned: boolean | null | undefined; role?: string | ... 1 more ... | undefined; banReason?: string | ... 1 more ... | undefined; banExpires?: Date | ... 1 more ... | undefined; } | ...'.
  Property 'entityDependencies' does not exist on type '{ id: string; name: string; email: string; emailVerified: boolean; createdAt: Date; updatedAt: Date; image?: string | null | undefined; banned: boolean | null | undefined; role?: string | ... 1 more ... | undefined; banReason?: string | ... 1 more ... | undefined; banExpires?: Date | ... 1 more ... | undefined; }'.
src/api/entity-dependencies.ts(186,19): error TS2693: 'ServiceError' only refers to a type, but is being used as a value here.
src/api/entity-dependencies.ts(198,19): error TS2693: 'ServiceError' only refers to a type, but is being used as a value here.
src/api/entity-dependencies.ts(198,72): error TS2339: Property 'VALIDATION_ERROR' does not exist on type 'typeof ServiceErrorType'.
src/api/entity-dependencies.ts(201,28): error TS2693: 'ServiceError' only refers to a type, but is being used as a value here.
src/api/entity-dependencies.ts(206,17): error TS2693: 'ServiceError' only refers to a type, but is being used as a value here.
src/api/entity-dependencies.ts(206,78): error TS2339: Property 'DATABASE_ERROR' does not exist on type 'typeof ServiceErrorType'.
src/api/entity-dependencies.ts(212,24): error TS2339: Property 'child' does not exist on type '{ debug: (message: string, data?: any, module?: string | undefined) => void; info: (message: string, data?: any, module?: string | undefined) => void; warn: (message: string, data?: any, module?: string | undefined) => void; error: (message: string, errorOrData?: any, additionalData?: any, module?: string | undefine...'.
src/api/entity-dependencies.ts(220,31): error TS2769: No overload matches this call.
  Overload 1 of 2, '(key: "user" | "session"): { id: string; name: string; email: string; emailVerified: boolean; createdAt: Date; updatedAt: Date; image?: string | null | undefined; banned: boolean | ... 1 more ... | undefined; role?: string | ... 1 more ... | undefined; banReason?: string | ... 1 more ... | undefined; banExpires?: Date | ... 1 more ... | undefined; } | { ...; } | null', gave the following error.
    Argument of type '"repositoryContainer"' is not assignable to parameter of type '"user" | "session"'.
  Overload 2 of 2, '(key: never): never', gave the following error.
    Argument of type 'string' is not assignable to parameter of type 'never'.
src/api/entity-dependencies.ts(222,29): error TS18047: 'container' is possibly 'null'.
src/api/entity-dependencies.ts(222,39): error TS2339: Property 'entityDependencies' does not exist on type '{ id: string; name: string; email: string; emailVerified: boolean; createdAt: Date; updatedAt: Date; image?: string | null | undefined; banned: boolean | null | undefined; role?: string | ... 1 more ... | undefined; banReason?: string | ... 1 more ... | undefined; banExpires?: Date | ... 1 more ... | undefined; } | ...'.
  Property 'entityDependencies' does not exist on type '{ id: string; name: string; email: string; emailVerified: boolean; createdAt: Date; updatedAt: Date; image?: string | null | undefined; banned: boolean | null | undefined; role?: string | ... 1 more ... | undefined; banReason?: string | ... 1 more ... | undefined; banExpires?: Date | ... 1 more ... | undefined; }'.
src/api/entity-dependencies.ts(225,19): error TS2693: 'ServiceError' only refers to a type, but is being used as a value here.
src/api/entity-dependencies.ts(232,28): error TS2693: 'ServiceError' only refers to a type, but is being used as a value here.
src/api/entity-dependencies.ts(237,17): error TS2693: 'ServiceError' only refers to a type, but is being used as a value here.
src/api/entity-dependencies.ts(237,78): error TS2339: Property 'DATABASE_ERROR' does not exist on type 'typeof ServiceErrorType'.
src/api/entity-dependencies.ts(243,24): error TS2339: Property 'child' does not exist on type '{ debug: (message: string, data?: any, module?: string | undefined) => void; info: (message: string, data?: any, module?: string | undefined) => void; warn: (message: string, data?: any, module?: string | undefined) => void; error: (message: string, errorOrData?: any, additionalData?: any, module?: string | undefine...'.
src/api/entity-dependencies.ts(254,19): error TS2693: 'ServiceError' only refers to a type, but is being used as a value here.
src/api/entity-dependencies.ts(254,76): error TS2339: Property 'VALIDATION_ERROR' does not exist on type 'typeof ServiceErrorType'.
src/api/entity-dependencies.ts(257,31): error TS2769: No overload matches this call.
  Overload 1 of 2, '(key: "user" | "session"): { id: string; name: string; email: string; emailVerified: boolean; createdAt: Date; updatedAt: Date; image?: string | null | undefined; banned: boolean | ... 1 more ... | undefined; role?: string | ... 1 more ... | undefined; banReason?: string | ... 1 more ... | undefined; banExpires?: Date | ... 1 more ... | undefined; } | { ...; } | null', gave the following error.
    Argument of type '"repositoryContainer"' is not assignable to parameter of type '"user" | "session"'.
  Overload 2 of 2, '(key: never): never', gave the following error.
    Argument of type 'string' is not assignable to parameter of type 'never'.
src/api/entity-dependencies.ts(258,32): error TS18047: 'container' is possibly 'null'.
src/api/entity-dependencies.ts(258,42): error TS2339: Property 'entityDependencies' does not exist on type '{ id: string; name: string; email: string; emailVerified: boolean; createdAt: Date; updatedAt: Date; image?: string | null | undefined; banned: boolean | null | undefined; role?: string | ... 1 more ... | undefined; banReason?: string | ... 1 more ... | undefined; banExpires?: Date | ... 1 more ... | undefined; } | ...'.
  Property 'entityDependencies' does not exist on type '{ id: string; name: string; email: string; emailVerified: boolean; createdAt: Date; updatedAt: Date; image?: string | null | undefined; banned: boolean | null | undefined; role?: string | ... 1 more ... | undefined; banReason?: string | ... 1 more ... | undefined; banExpires?: Date | ... 1 more ... | undefined; }'.
src/api/entity-dependencies.ts(273,28): error TS2693: 'ServiceError' only refers to a type, but is being used as a value here.
src/api/entity-dependencies.ts(278,17): error TS2693: 'ServiceError' only refers to a type, but is being used as a value here.
src/api/entity-dependencies.ts(278,77): error TS2339: Property 'DATABASE_ERROR' does not exist on type 'typeof ServiceErrorType'.
src/api/entity-dependencies.ts(288,86): error TS2345: Argument of type 'Context<AppBindings, "/:taskId/dependencies", BlankInput>' is not assignable to parameter of type 'RequestInit<CfProperties<unknown>>'.
  Types of property 'body' are incompatible.
    Type 'BodyRespond' is not assignable to type 'BodyInit | null | undefined'.
src/api/entity-dependencies.ts(292,84): error TS2345: Argument of type 'Context<AppBindings, "/:taskId/dependents", BlankInput>' is not assignable to parameter of type 'RequestInit<CfProperties<unknown>>'.
  Types of property 'body' are incompatible.
    Type 'BodyRespond' is not assignable to type 'BodyInit | null | undefined'.
src/api/entity-dependencies.ts(296,85): error TS2345: Argument of type 'Context<AppBindings, "/project/:projectId", BlankInput>' is not assignable to parameter of type 'RequestInit<CfProperties<unknown>>'.
  Types of property 'body' are incompatible.
    Type 'BodyRespond' is not assignable to type 'BodyInit | null | undefined'.
src/api/projects.ts(72,46): error TS2339: Property 'VALIDATION' does not exist on type 'typeof ServiceErrorType'.
src/api/projects.ts(160,46): error TS2339: Property 'VALIDATION' does not exist on type 'typeof ServiceErrorType'.
src/api/task-dependencies.ts(10,10): error TS2305: Module '"@repo/dataforge/server-entities"' has no exported member 'TaskDependency'.
src/api/tasks.ts(62,46): error TS2339: Property 'VALIDATION' does not exist on type 'typeof ServiceErrorType'.
src/api/tasks.ts(154,46): error TS2339: Property 'VALIDATION' does not exist on type 'typeof ServiceErrorType'.
src/api/users.ts(66,46): error TS2339: Property 'VALIDATION' does not exist on type 'typeof ServiceErrorType'.
src/api/users.ts(148,46): error TS2339: Property 'VALIDATION' does not exist on type 'typeof ServiceErrorType'.
src/domains/entity-dependencies.ts(15,42): error TS2554: Expected 2 arguments, but got 3.
src/domains/entity-dependencies.ts(22,28): error TS2339: Property 'child' does not exist on type '{ debug: (message: string, data?: any, module?: string | undefined) => void; info: (message: string, data?: any, module?: string | undefined) => void; warn: (message: string, data?: any, module?: string | undefined) => void; error: (message: string, errorOrData?: any, additionalData?: any, module?: string | undefine...'.
src/domains/entity-dependencies.ts(36,33): error TS2339: Property 'executeQuery' does not exist on type 'EntityDependencyRepository'.
src/domains/entity-dependencies.ts(45,67): error TS18046: 'error' is of type 'unknown'.
src/domains/entity-dependencies.ts(54,28): error TS2339: Property 'child' does not exist on type '{ debug: (message: string, data?: any, module?: string | undefined) => void; info: (message: string, data?: any, module?: string | undefined) => void; warn: (message: string, data?: any, module?: string | undefined) => void; error: (message: string, errorOrData?: any, additionalData?: any, module?: string | undefine...'.
src/domains/entity-dependencies.ts(68,33): error TS2339: Property 'executeQuery' does not exist on type 'EntityDependencyRepository'.
src/domains/entity-dependencies.ts(77,65): error TS18046: 'error' is of type 'unknown'.
src/domains/entity-dependencies.ts(86,28): error TS2339: Property 'child' does not exist on type '{ debug: (message: string, data?: any, module?: string | undefined) => void; info: (message: string, data?: any, module?: string | undefined) => void; warn: (message: string, data?: any, module?: string | undefined) => void; error: (message: string, errorOrData?: any, additionalData?: any, module?: string | undefine...'.
src/domains/entity-dependencies.ts(103,33): error TS2339: Property 'executeQuery' does not exist on type 'EntityDependencyRepository'.
src/domains/entity-dependencies.ts(111,73): error TS18046: 'error' is of type 'unknown'.
src/domains/entity-dependencies.ts(120,28): error TS2339: Property 'child' does not exist on type '{ debug: (message: string, data?: any, module?: string | undefined) => void; info: (message: string, data?: any, module?: string | undefined) => void; warn: (message: string, data?: any, module?: string | undefined) => void; error: (message: string, errorOrData?: any, additionalData?: any, module?: string | undefine...'.
src/domains/entity-dependencies.ts(151,33): error TS2339: Property 'executeQuery' does not exist on type 'EntityDependencyRepository'.
src/domains/entity-dependencies.ts(164,16): error TS18046: 'error' is of type 'unknown'.
src/domains/entity-dependencies.ts(177,28): error TS2339: Property 'child' does not exist on type '{ debug: (message: string, data?: any, module?: string | undefined) => void; info: (message: string, data?: any, module?: string | undefined) => void; warn: (message: string, data?: any, module?: string | undefined) => void; error: (message: string, errorOrData?: any, additionalData?: any, module?: string | undefine...'.
src/domains/entity-dependencies.ts(204,33): error TS2339: Property 'findByCondition' does not exist on type 'EntityDependencyRepository'.
src/domains/task-dependencies.ts(1,10): error TS2305: Module '"@repo/dataforge/server-entities"' has no exported member 'TaskDependency'.
src/domains/task-dependencies.ts(14,40): error TS2554: Expected 2 arguments, but got 3.
src/domains/task-dependencies.ts(21,28): error TS2339: Property 'child' does not exist on type '{ debug: (message: string, data?: any, module?: string | undefined) => void; info: (message: string, data?: any, module?: string | undefined) => void; warn: (message: string, data?: any, module?: string | undefined) => void; error: (message: string, errorOrData?: any, additionalData?: any, module?: string | undefine...'.
src/domains/task-dependencies.ts(34,33): error TS2339: Property 'executeQuery' does not exist on type 'TaskDependencyRepository'.
src/domains/task-dependencies.ts(42,65): error TS18046: 'error' is of type 'unknown'.
src/domains/task-dependencies.ts(51,28): error TS2339: Property 'child' does not exist on type '{ debug: (message: string, data?: any, module?: string | undefined) => void; info: (message: string, data?: any, module?: string | undefined) => void; warn: (message: string, data?: any, module?: string | undefined) => void; error: (message: string, errorOrData?: any, additionalData?: any, module?: string | undefine...'.
src/domains/task-dependencies.ts(64,33): error TS2339: Property 'executeQuery' does not exist on type 'TaskDependencyRepository'.
src/domains/task-dependencies.ts(72,63): error TS18046: 'error' is of type 'unknown'.
src/domains/task-dependencies.ts(81,28): error TS2339: Property 'child' does not exist on type '{ debug: (message: string, data?: any, module?: string | undefined) => void; info: (message: string, data?: any, module?: string | undefined) => void; warn: (message: string, data?: any, module?: string | undefined) => void; error: (message: string, errorOrData?: any, additionalData?: any, module?: string | undefine...'.
src/domains/task-dependencies.ts(96,33): error TS2339: Property 'executeQuery' does not exist on type 'TaskDependencyRepository'.
src/domains/task-dependencies.ts(104,68): error TS18046: 'error' is of type 'unknown'.
src/domains/task-dependencies.ts(113,28): error TS2339: Property 'child' does not exist on type '{ debug: (message: string, data?: any, module?: string | undefined) => void; info: (message: string, data?: any, module?: string | undefined) => void; warn: (message: string, data?: any, module?: string | undefined) => void; error: (message: string, errorOrData?: any, additionalData?: any, module?: string | undefine...'.
src/domains/task-dependencies.ts(143,33): error TS2339: Property 'executeQuery' does not exist on type 'TaskDependencyRepository'.
src/domains/task-dependencies.ts(155,16): error TS18046: 'error' is of type 'unknown'.
src/domains/task-dependencies.ts(167,28): error TS2339: Property 'child' does not exist on type '{ debug: (message: string, data?: any, module?: string | undefined) => void; info: (message: string, data?: any, module?: string | undefined) => void; warn: (message: string, data?: any, module?: string | undefined) => void; error: (message: string, errorOrData?: any, additionalData?: any, module?: string | undefine...'.
src/domains/task-dependencies.ts(193,33): error TS2339: Property 'findByCondition' does not exist on type 'TaskDependencyRepository'.
src/replication/process-changes.ts(786,19): error TS2532: Object is possibly 'undefined'.
src/sync/SyncDO-original.ts(682,30): error TS2769: No overload matches this call.
  Overload 1 of 2, '(ws: WebSocket, tags?: string[] | undefined): void', gave the following error.
    Argument of type 'WebSocket | undefined' is not assignable to parameter of type 'WebSocket'.
      Type 'undefined' is not assignable to type 'WebSocket'.
  Overload 2 of 2, '(ws: WebSocket, tags?: string[] | undefined): void', gave the following error.
    Argument of type 'WebSocket | undefined' is not assignable to parameter of type 'WebSocket'.
      Type 'undefined' is not assignable to type 'WebSocket'.
src/sync/SyncDO-original.ts(702,40): error TS2532: Object is possibly 'undefined'.
src/sync/SyncDO-original.ts(2127,21): error TS2345: Argument of type 'string | undefined' is not assignable to parameter of type 'string'.
  Type 'undefined' is not assignable to type 'string'.
src/sync/SyncDO-original.ts(2127,55): error TS2345: Argument of type 'string | undefined' is not assignable to parameter of type 'string'.
  Type 'undefined' is not assignable to type 'string'.
src/sync/incoming-changes/ConflictResolver.ts(233,15): error TS2322: Type 'TableChange | undefined' is not assignable to type 'TableChange'.
  Type 'undefined' is not assignable to type 'TableChange'.
src/sync/incoming-changes/EntityOperations.ts(104,60): error TS2532: Object is possibly 'undefined'.
src/sync/incoming-changes/EntityOperations.ts(139,27): error TS2532: Object is possibly 'undefined'.
src/sync/incoming-changes/EntityOperations.ts(146,22): error TS2532: Object is possibly 'undefined'.
src/sync/incoming-changes/EntityOperations.ts(147,16): error TS2532: Object is possibly 'undefined'.
src/sync/incoming-changes/EntityOperations.ts(723,58): error TS2345: Argument of type 'string | undefined' is not assignable to parameter of type 'string'.
  Type 'undefined' is not assignable to type 'string'.
src/sync/incoming-changes/EntityOperations.ts(745,54): error TS2532: Object is possibly 'undefined'.
src/sync/incoming-changes/IncomingChangeProcessor.ts(197,29): error TS18048: 'change' is possibly 'undefined'.
src/sync/incoming-changes/IncomingChangeProcessor.ts(204,36): error TS2345: Argument of type 'TableChange | undefined' is not assignable to parameter of type 'TableChange'.
  Type 'undefined' is not assignable to type 'TableChange'.
src/sync/incoming-changes/IncomingChangeProcessor.ts(209,22): error TS18048: 'change' is possibly 'undefined'.
src/sync/incoming-changes/IncomingChangeProcessor.ts(210,26): error TS18048: 'change' is possibly 'undefined'.
src/sync/incoming-changes/IncomingChangeProcessor.ts(212,25): error TS18048: 'change' is possibly 'undefined'.
src/sync/incoming-changes/IncomingChangeProcessor.ts(278,21): error TS2322: Type 'string | undefined' is not assignable to type 'string'.
  Type 'undefined' is not assignable to type 'string'.
src/sync/incoming-changes/IncomingChangeProcessor.ts(278,28): error TS2322: Type 'string | undefined' is not assignable to type 'string'.
  Type 'undefined' is not assignable to type 'string'.
src/sync/incoming-changes/IncomingChangeProcessor.ts(351,12): error TS2532: Object is possibly 'undefined'.
src/sync/incoming-changes/IncomingChangeProcessor.ts(352,9): error TS2532: Object is possibly 'undefined'.
src/sync/incoming-changes/IncomingChangeProcessor.ts(354,7): error TS2532: Object is possibly 'undefined'.
src/sync/incoming-changes/IncomingChangeProcessor.ts(354,7): error TS2532: Object is possibly 'undefined'.
src/sync/initial-sync.ts(225,45): error TS2532: Object is possibly 'undefined'.
src/sync/integrity-manager.ts(609,28): error TS2345: Argument of type 'string | undefined' is not assignable to parameter of type 'string'.
  Type 'undefined' is not assignable to type 'string'.
src/sync/integrity-manager.ts(610,28): error TS2345: Argument of type 'string | undefined' is not assignable to parameter of type 'string'.
  Type 'undefined' is not assignable to type 'string'.
src/sync/integrity-manager.ts(777,21): error TS2345: Argument of type 'string | undefined' is not assignable to parameter of type 'string'.
  Type 'undefined' is not assignable to type 'string'.
src/sync/integrity-manager.ts(777,55): error TS2345: Argument of type 'string | undefined' is not assignable to parameter of type 'string'.
  Type 'undefined' is not assignable to type 'string'.
src/sync/server-changes.ts(258,45): error TS2532: Object is possibly 'undefined'.
src/sync/server-changes.ts(503,11): error TS2532: Object is possibly 'undefined'.
src/sync/server-changes.ts(516,22): error TS2532: Object is possibly 'undefined'.
src/sync/server-changes.ts(775,57): error TS2532: Object is possibly 'undefined'.
src/sync/server-changes.ts(779,27): error TS2532: Object is possibly 'undefined'.
src/sync/server-changes.ts(836,10): error TS2532: Object is possibly 'undefined'.
src/sync/server-changes.ts(867,37): error TS2769: No overload matches this call.
  Overload 1 of 2, '(o: {}): string[]', gave the following error.
    Argument of type 'TableChange | undefined' is not assignable to parameter of type '{}'.
      Type 'undefined' is not assignable to type '{}'.
  Overload 2 of 2, '(o: object): string[]', gave the following error.
    Argument of type 'TableChange | undefined' is not assignable to parameter of type 'object'.
      Type 'undefined' is not assignable to type 'object'.
src/sync/server-changes.ts(1150,20): error TS2532: Object is possibly 'undefined'.
src/sync/server-changes.ts(1198,20): error TS2532: Object is possibly 'undefined'.
src/sync/state-manager.ts(461,14): error TS2532: Object is possibly 'undefined'.
src/sync/sync-strategy-analyzer.ts(339,21): error TS2345: Argument of type 'string | undefined' is not assignable to parameter of type 'string'.
  Type 'undefined' is not assignable to type 'string'.
src/sync/sync-strategy-analyzer.ts(339,55): error TS2345: Argument of type 'string | undefined' is not assignable to parameter of type 'string'.
  Type 'undefined' is not assignable to type 'string'.
src/sync/websocket/ConnectionTracker.ts(133,36): error TS2532: Object is possibly 'undefined'.
src/sync/websocket/ConnectionTracker.ts(212,29): error TS2538: Type 'undefined' cannot be used as an index type.
src/sync/websocket/ConnectionTracker.ts(212,58): error TS2538: Type 'undefined' cannot be used as an index type.
src/sync/websocket/WebSocketManager.ts(97,38): error TS2769: No overload matches this call.
  Overload 1 of 2, '(ws: WebSocket, tags?: string[] | undefined): void', gave the following error.
    Argument of type 'WebSocket | undefined' is not assignable to parameter of type 'WebSocket'.
      Type 'undefined' is not assignable to type 'WebSocket'.
  Overload 2 of 2, '(ws: WebSocket, tags?: string[] | undefined): void', gave the following error.
    Argument of type 'WebSocket | undefined' is not assignable to parameter of type 'WebSocket'.
      Type 'undefined' is not assignable to type 'WebSocket'.
src/sync/websocket/WebSocketManager.ts(298,36): error TS2532: Object is possibly 'undefined'.
../../packages/dataforge/src/entities/JWKS.ts(31,3): error TS4114: This member must have an 'override' modifier because it overrides a member in the base class 'BaseSystemEntity'.
../../packages/dataforge/src/generated/client-entities.ts(905,9): error TS2353: Object literal may only specify known properties, and ''clientId'' does not exist in type '{ id?: EntitySchemaColumnOptions | undefined; createdAt?: EntitySchemaColumnOptions | undefined; updatedAt?: EntitySchemaColumnOptions | undefined; currentLsn?: EntitySchemaColumnOptions | undefined; syncState?: EntitySchemaColumnOptions | undefined; lastSyncTime?: EntitySchemaColumnOptions | undefined; pendingChang...'.
../../packages/dataforge/src/generated/dexie-domain/project-dexie-service.ts(51,11): error TS2615: Type of property 'memberProjects' circularly references itself in mapped type '{ id: "id"; createdAt: "createdAt"; updatedAt: "updatedAt"; clientId?: "clientId" | undefined; name: "name"; email: "email"; emailVerified: "emailVerified"; image?: "image" | undefined; role: "role"; tasks: "tasks" | ... 1 more ... | `tasks.${number}.${any}`; ownedProjects: "ownedProjects" | ... 1 more ... | `ownedP...'.
../../packages/dataforge/src/generated/dexie-domain/project-dexie-service.ts(51,11): error TS2615: Type of property 'members' circularly references itself in mapped type '{ [P in keyof Project]: P extends string ? Project[P] extends (infer K)[] ? K extends any[] ? P | `${P}.${number}` | `${P}.${number}.${number}` : K extends object ? P | ... 1 more ... | `${P}.${number}.${KeyPaths<...>}` : P | `${P}.${number}` : Project[P] extends (...args: any[]) => any ? never : Project[P] extends ...'.
../../packages/dataforge/src/generated/dexie-domain/project-dexie-service.ts(51,11): error TS2615: Type of property 'ownedProjects' circularly references itself in mapped type '{ id: "id"; createdAt: "createdAt"; updatedAt: "updatedAt"; clientId?: "clientId" | undefined; name: "name"; email: "email"; emailVerified: "emailVerified"; image?: "image" | undefined; role: "role"; tasks: "tasks" | ... 1 more ... | `tasks.${number}.${any}`; ownedProjects: "ownedProjects" | ... 1 more ... | `ownedP...'.
../../packages/dataforge/src/generated/dexie-domain/project-dexie-service.ts(51,11): error TS2615: Type of property 'projects' circularly references itself in mapped type '{ [P in keyof TagSet]: P extends string ? TagSet[P] extends (infer K)[] ? K extends any[] ? P | `${P}.${number}` | `${P}.${number}.${number}` : K extends object ? P | ... 1 more ... | `${P}.${number}.${KeyPaths<...>}` : P | `${P}.${number}` : TagSet[P] extends (...args: any[]) => any ? never : TagSet[P] extends obje...'.
../../packages/dataforge/src/generated/dexie-domain/project-dexie-service.ts(51,11): error TS2615: Type of property 'projects' circularly references itself in mapped type '{ id: "id"; createdAt: "createdAt"; updatedAt: "updatedAt"; clientId?: "clientId" | undefined; name: "name"; entityType: "entityType"; description?: "description" | undefined; isSystem: "isSystem"; ... 5 more ...; projects: "projects" | ... 1 more ... | `projects.${number}.${any}`; }'.
../../packages/dataforge/src/generated/dexie-domain/project-dexie-service.ts(51,11): error TS2615: Type of property 'status' circularly references itself in mapped type '{ [P in keyof Task]: P extends string ? Task[P] extends (infer K)[] ? K extends any[] ? P | `${P}.${number}` | `${P}.${number}.${number}` : K extends object ? P | `${P}.${number}` | `${P}.${number}.${KeyPaths<...>}` : P | `${P}.${number}` : Task[P] extends (...args: any[]) => any ? never : Task[P] extends object ? P...'.
../../packages/dataforge/src/generated/dexie-domain/project-dexie-service.ts(51,11): error TS2615: Type of property 'statusSet' circularly references itself in mapped type '{ [P in keyof StatusDefinition]: P extends string ? StatusDefinition[P] extends (infer K)[] ? K extends any[] ? P | `${P}.${number}` | `${P}.${number}.${number}` : K extends object ? P | ... 1 more ... | `${P}.${number}.${KeyPaths<...>}` : P | `${P}.${number}` : StatusDefinition[P] extends (...args: any[]) => any ? ...'.
../../packages/dataforge/src/generated/dexie-domain/project-dexie-service.ts(51,11): error TS2615: Type of property 'statusSets' circularly references itself in mapped type '{ [P in keyof Project]: P extends string ? Project[P] extends (infer K)[] ? K extends any[] ? P | `${P}.${number}` | `${P}.${number}.${number}` : K extends object ? P | ... 1 more ... | `${P}.${number}.${KeyPaths<...>}` : P | `${P}.${number}` : Project[P] extends (...args: any[]) => any ? never : Project[P] extends ...'.
../../packages/dataforge/src/generated/dexie-domain/project-dexie-service.ts(51,11): error TS2615: Type of property 'statuses' circularly references itself in mapped type '{ [P in keyof StatusSet]: P extends string ? StatusSet[P] extends (infer K)[] ? K extends any[] ? P | `${P}.${number}` | `${P}.${number}.${number}` : K extends object ? P | ... 1 more ... | `${P}.${number}.${KeyPaths<...>}` : P | `${P}.${number}` : StatusSet[P] extends (...args: any[]) => any ? never : StatusSet[P] ...'.
../../packages/dataforge/src/generated/dexie-domain/project-dexie-service.ts(51,11): error TS2615: Type of property 'tagSet' circularly references itself in mapped type '{ [P in keyof Tag]: P extends string ? Tag[P] extends (infer K)[] ? K extends any[] ? P | `${P}.${number}` | `${P}.${number}.${number}` : K extends object ? P | `${P}.${number}` | `${P}.${number}.${KeyPaths<...>}` : P | `${P}.${number}` : Tag[P] extends (...args: any[]) => any ? never : Tag[P] extends object ? P | `...'.
../../packages/dataforge/src/generated/dexie-domain/project-dexie-service.ts(51,11): error TS2615: Type of property 'tagSets' circularly references itself in mapped type '{ [P in keyof Project]: P extends string ? Project[P] extends (infer K)[] ? K extends any[] ? P | `${P}.${number}` | `${P}.${number}.${number}` : K extends object ? P | ... 1 more ... | `${P}.${number}.${KeyPaths<...>}` : P | `${P}.${number}` : Project[P] extends (...args: any[]) => any ? never : Project[P] extends ...'.
../../packages/dataforge/src/generated/dexie-domain/project-dexie-service.ts(51,11): error TS2615: Type of property 'tags' circularly references itself in mapped type '{ [P in keyof TagSet]: P extends string ? TagSet[P] extends (infer K)[] ? K extends any[] ? P | `${P}.${number}` | `${P}.${number}.${number}` : K extends object ? P | ... 1 more ... | `${P}.${number}.${KeyPaths<...>}` : P | `${P}.${number}` : TagSet[P] extends (...args: any[]) => any ? never : TagSet[P] extends obje...'.
../../packages/dataforge/src/generated/dexie-domain/project-dexie-service.ts(51,11): error TS2615: Type of property 'tags' circularly references itself in mapped type '{ [P in keyof Task]: P extends string ? Task[P] extends (infer K)[] ? K extends any[] ? P | `${P}.${number}` | `${P}.${number}.${number}` : K extends object ? P | `${P}.${number}` | `${P}.${number}.${KeyPaths<...>}` : P | `${P}.${number}` : Task[P] extends (...args: any[]) => any ? never : Task[P] extends object ? P...'.
../../packages/dataforge/src/generated/dexie-domain/project-dexie-service.ts(51,11): error TS2615: Type of property 'tasks' circularly references itself in mapped type '{ [P in keyof Project]: P extends string ? Project[P] extends (infer K)[] ? K extends any[] ? P | `${P}.${number}` | `${P}.${number}.${number}` : K extends object ? P | ... 1 more ... | `${P}.${number}.${KeyPaths<...>}` : P | `${P}.${number}` : Project[P] extends (...args: any[]) => any ? never : Project[P] extends ...'.
../../packages/dataforge/src/generated/dexie-domain/project-dexie-service.ts(51,11): error TS2615: Type of property 'tasks' circularly references itself in mapped type '{ [P in keyof StatusDefinition]: P extends string ? StatusDefinition[P] extends (infer K)[] ? K extends any[] ? P | `${P}.${number}` | `${P}.${number}.${number}` : K extends object ? P | ... 1 more ... | `${P}.${number}.${KeyPaths<...>}` : P | `${P}.${number}` : StatusDefinition[P] extends (...args: any[]) => any ? ...'.
../../packages/dataforge/src/generated/dexie-domain/project-dexie-service.ts(51,11): error TS2615: Type of property 'tasks' circularly references itself in mapped type '{ id: "id"; createdAt: "createdAt"; updatedAt: "updatedAt"; clientId?: "clientId" | undefined; name: "name"; email: "email"; emailVerified: "emailVerified"; image?: "image" | undefined; role: "role"; tasks: "tasks" | ... 1 more ... | `tasks.${number}.${any}`; ownedProjects: "ownedProjects" | ... 1 more ... | `ownedP...'.
../../packages/dataforge/src/generated/dexie-domain/project-dexie-service.ts(51,11): error TS2615: Type of property 'tasks' circularly references itself in mapped type '{ id: "id"; createdAt: "createdAt"; updatedAt: "updatedAt"; clientId?: "clientId" | undefined; tagSetId: "tagSetId"; name: "name"; slug: "slug"; color: "color"; icon?: "icon" | undefined; variant: "variant"; ... 9 more ...; tasks: "tasks" | ... 1 more ... | `tasks.${number}.${any}`; }'.
../../packages/dataforge/src/generated/dexie-domain/project-dexie-service.ts(95,11): error TS2345: Argument of type '{ projectId: string; userId: string; createdAt: Date; updatedAt: Date; }[]' is not assignable to parameter of type 'readonly ProjectMembers[]'.
  Property 'role' is missing in type '{ projectId: string; userId: string; createdAt: Date; updatedAt: Date; }' but required in type 'ProjectMembers'.
../../packages/dataforge/src/generated/dexie-domain/project-dexie-service.ts(120,38): error TS2345: Argument of type '{ projectId: string; userId: string; createdAt: Date; updatedAt: Date; }[]' is not assignable to parameter of type 'readonly ProjectMembers[]'.
  Property 'role' is missing in type '{ projectId: string; userId: string; createdAt: Date; updatedAt: Date; }' but required in type 'ProjectMembers'.
../../packages/dataforge/src/generated/dexie-domain/tag-dexie-service.ts(90,21): error TS2551: Property 'tagsets' does not exist on type 'VibeStackDB'. Did you mean 'tag_sets'?
../../packages/dataforge/src/generated/dexie-domain/task-dexie-service.ts(255,21): error TS2551: Property 'statusdefinitions' does not exist on type 'VibeStackDB'. Did you mean 'status_definitions'?
../../packages/dataforge/src/scripts/generate-column-configs.ts(33,85): error TS2532: Object is possibly 'undefined'.
../../packages/dataforge/src/scripts/generate-crud-operations.ts(41,85): error TS2532: Object is possibly 'undefined'.
../../packages/dataforge/src/scripts/generate-dexie-domain-services.ts(52,24): error TS2532: Object is possibly 'undefined'.
../../packages/dataforge/src/scripts/generate-dexie-domain-services.ts(56,24): error TS2538: Type 'undefined' cannot be used as an index type.
../../packages/dataforge/src/scripts/generate-dexie-domain-services.ts(65,20): error TS2532: Object is possibly 'undefined'.
../../packages/dataforge/src/scripts/generate-dexie-domain-services.ts(319,26): error TS2345: Argument of type '{ name: string; tableName: string; }' is not assignable to parameter of type 'EntityInfo'.
  Property 'relationships' is missing in type '{ name: string; tableName: string; }' but required in type 'EntityInfo'.
../../packages/dataforge/src/scripts/generate-dexie-domain-services.ts(319,64): error TS2345: Argument of type '{ name: string; tableName: string; }' is not assignable to parameter of type 'EntityInfo'.
  Property 'relationships' is missing in type '{ name: string; tableName: string; }' but required in type 'EntityInfo'.
../../packages/dataforge/src/scripts/generate-dexie-schema.ts(68,5): error TS2322: Type 'string | undefined' is not assignable to type 'string'.
  Type 'undefined' is not assignable to type 'string'.
../../packages/dataforge/src/scripts/generate-dexie-schema.ts(143,61): error TS2339: Property 'replace' does not exist on type 'never'.
../../packages/dataforge/src/scripts/generate-dexie-schema.ts(158,79): error TS2532: Object is possibly 'undefined'.
../../packages/dataforge/src/scripts/generate-dexie-schema.ts(185,14): error TS2339: Property 'indexedFields' does not exist on type 'EntityMetadata'.
../../packages/dataforge/src/scripts/generate-entities.ts(646,42): error TS18048: 'joinColMeta' is possibly 'undefined'.
../../packages/dataforge/src/scripts/generate-entities.ts(650,26): error TS18048: 'joinColMeta' is possibly 'undefined'.
../../packages/dataforge/src/scripts/generate-entities.ts(651,71): error TS18048: 'joinColMeta' is possibly 'undefined'.
../../packages/dataforge/src/scripts/generate-entities.ts(654,26): error TS18048: 'joinColMeta' is possibly 'undefined'.
../../packages/dataforge/src/scripts/generate-entities.ts(655,75): error TS18048: 'joinColMeta' is possibly 'undefined'.
../../packages/dataforge/src/scripts/generate-entities.ts(948,38): error TS2532: Object is possibly 'undefined'.
../../packages/dataforge/src/scripts/generate-entities.ts(952,38): error TS2532: Object is possibly 'undefined'.
../../packages/dataforge/src/scripts/generate-entities.ts(1066,13): error TS2532: Object is possibly 'undefined'.
../../packages/dataforge/src/scripts/generate-entities.ts(1068,13): error TS2532: Object is possibly 'undefined'.
../../packages/dataforge/src/scripts/generate-entities.ts(1081,13): error TS2532: Object is possibly 'undefined'.
../../packages/dataforge/src/scripts/generate-entities.ts(1083,13): error TS2532: Object is possibly 'undefined'.
../../packages/dataforge/src/scripts/generate-entities.ts(1094,13): error TS2532: Object is possibly 'undefined'.
../../packages/dataforge/src/scripts/generate-entities.ts(1096,13): error TS2532: Object is possibly 'undefined'.
../../packages/dataforge/src/scripts/generate-rdg-columns.ts(58,3): error TS2322: Type 'number | undefined' is not assignable to type 'number'.
  Type 'undefined' is not assignable to type 'number'.
../../packages/dataforge/src/scripts/generate-rdg-columns.ts(77,3): error TS2322: Type 'number | undefined' is not assignable to type 'number'.
  Type 'undefined' is not assignable to type 'number'.
../../packages/dataforge/src/scripts/generate-rdg-columns.ts(97,79): error TS2532: Object is possibly 'undefined'.
../../packages/dataforge/src/scripts/upload-client-migrations.ts(2,8): error TS1192: Module '"/home/benfreed/vibestack/worktrees/issue-1/node_modules/.pnpm/glob@10.4.5/node_modules/glob/dist/esm/index"' has no default export.
../../packages/dataforge/src/scripts/upload-client-migrations.ts(81,22): error TS7006: Parameter 'err' implicitly has an 'any' type.
../../packages/dataforge/src/scripts/upload-client-migrations.ts(81,27): error TS7006: Parameter 'matches' implicitly has an 'any' type.
../../packages/dataforge/src/scripts/upload-client-migrations.ts(111,34): error TS2345: Argument of type 'string | undefined' is not assignable to parameter of type 'string'.
  Type 'undefined' is not assignable to type 'string'.
../../packages/dataforge/src/seeds/seed-task-statuses.ts(36,41): error TS2769: No overload matches this call.
  Overload 1 of 3, '(entityLikeArray: DeepPartial<StatusSet>[]): StatusSet[]', gave the following error.
    Object literal may only specify known properties, and 'name' does not exist in type 'DeepPartial<StatusSet>[]'.
  Overload 2 of 3, '(entityLike: DeepPartial<StatusSet>): StatusSet', gave the following error.
    Object literal may only specify known properties, and 'label' does not exist in type 'DeepPartial<StatusSet>'.
../../packages/dataforge/src/seeds/seed-task-statuses.ts(172,51): error TS2339: Property 'label' does not exist on type 'StatusSet & StatusSet[]'.
 ELIFECYCLE  Command failed with exit code 2.
